
Pedro Luis@PedroLuis-PC MINGW32 ~/Documents/Mi Primera Página Web (master)
$ git status
On branch master
Your branch is up to date with 'origin/master'.

Changes not staged for commit:
  (use "git add <file>..." to update what will be committed)
  (use "git checkout -- <file>..." to discard changes in working directory)

        modified:   index.html

Untracked files:
  (use "git add <file>..." to include in what will be committed)

        yo.jpeg

no changes added to commit (use "git add" and/or "git commit -a")

Pedro Luis@PedroLuis-PC MINGW32 ~/Documents/Mi Primera Página Web (master)
$ git add*
git: 'add*' is not a git command. See 'git --help'.

The most similar command is
        add

Pedro Luis@PedroLuis-PC MINGW32 ~/Documents/Mi Primera Página Web (master)
$  git add *

Pedro Luis@PedroLuis-PC MINGW32 ~/Documents/Mi Primera Página Web (master)
$ git commit -m "acutalizacion CV"
[master 8d17a4e] acutalizacion CV
 2 files changed, 6 insertions(+)
 create mode 100644 yo.jpeg

Pedro Luis@PedroLuis-PC MINGW32 ~/Documents/Mi Primera Página Web (master)
$ git push

